[    0.000000] Initializing cgroup subsys cpuset
[    0.000000] Initializing cgroup subsys cpu
[    0.000000] Initializing cgroup subsys cpuacct
[    0.000000] Linux version 4.4.0-71-generic (buildd@lcy01-05) (gcc version 5.4.0 20160609 (Ubuntu 5.4.0-6ubuntu1~16.04.4) ) #92-Ubuntu SMP Fri Mar 24 12:59:01 UTC 2017 (Ubuntu 4.4.0-71.92-generic 4.4.49)
[    0.000000] Command line: BOOT_IMAGE=/boot/vmlinuz-4.4.0-71-generic root=LABEL=cloudimg-rootfs ro console=tty1 console=ttyS0
[    0.000000] KERNEL supported cpus:
[    0.000000]   Intel GenuineIntel
[    0.000000]   AMD AuthenticAMD
[    0.000000]   Centaur CentaurHauls
[    0.000000] x86/fpu: xstate_offset[2]:  576, xstate_sizes[2]:  256
[    0.000000] x86/fpu: Supporting XSAVE feature 0x01: 'x87 floating point registers'
[    0.000000] x86/fpu: Supporting XSAVE feature 0x02: 'SSE registers'
[    0.000000] x86/fpu: Supporting XSAVE feature 0x04: 'AVX registers'
[    0.000000] x86/fpu: Enabled xstate features 0x7, context size is 832 bytes, using 'standard' format.
[    0.000000] x86/fpu: Using 'lazy' FPU context switches.
[    0.000000] e820: BIOS-provided physical RAM map:
[    0.000000] BIOS-e820: [mem 0x0000000000000000-0x000000000009fbff] usable
[    0.000000] BIOS-e820: [mem 0x000000000009fc00-0x000000000009ffff] reserved
[    0.000000] BIOS-e820: [mem 0x00000000000f0000-0x00000000000fffff] reserved
[    0.000000] BIOS-e820: [mem 0x0000000000100000-0x000000001ffeffff] usable
[    0.000000] BIOS-e820: [mem 0x000000001fff0000-0x000000001fffffff] ACPI data
[    0.000000] BIOS-e820: [mem 0x00000000fec00000-0x00000000fec00fff] reserved
[    0.000000] BIOS-e820: [mem 0x00000000fee00000-0x00000000fee00fff] reserved
[    0.000000] BIOS-e820: [mem 0x00000000fffc0000-0x00000000ffffffff] reserved
[    0.000000] NX (Execute Disable) protection: active
[    0.000000] SMBIOS 2.5 present.
[    0.000000] Hypervisor detected: KVM
[    0.000000] e820: last_pfn = 0x1fff0 max_arch_pfn = 0x400000000
[    0.000000] MTRR: Disabled
[    0.000000] x86/PAT: MTRRs disabled, skipping PAT initialization too.
[    0.000000] x86/PAT: Configuration [0-7]: WB  WT  UC- UC  WB  WT  UC- UC  
[    0.000000] CPU MTRRs all blank - virtualized system.
[    0.000000] found SMP MP-table at [mem 0x0009fff0-0x0009ffff] mapped at [ffff88000009fff0]
[    0.000000] Scanning 1 areas for low memory corruption
[    0.000000] RAMDISK: [mem 0x1ecc2000-0x1f745fff]
[    0.000000] ACPI: Early table checksum verification disabled
[    0.000000] ACPI: RSDP 0x00000000000E0000 000024 (v02 VBOX  )
[    0.000000] ACPI: XSDT 0x000000001FFF0030 00003C (v01 VBOX   VBOXXSDT 00000001 ASL  00000061)
[    0.000000] ACPI: FACP 0x000000001FFF00F0 0000F4 (v04 VBOX   VBOXFACP 00000001 ASL  00000061)
[    0.000000] ACPI: DSDT 0x000000001FFF0470 0021C8 (v02 VBOX   VBOXBIOS 00000002 INTL 20100528)
[    0.000000] ACPI: FACS 0x000000001FFF0200 000040
[    0.000000] ACPI: FACS 0x000000001FFF0200 000040
[    0.000000] ACPI: APIC 0x000000001FFF0240 00005C (v02 VBOX   VBOXAPIC 00000001 ASL  00000061)
[    0.000000] ACPI: SSDT 0x000000001FFF02A0 0001CC (v01 VBOX   VBOXCPUT 00000002 INTL 20100528)
[    0.000000] No NUMA configuration found
[    0.000000] Faking a node at [mem 0x0000000000000000-0x000000001ffeffff]
[    0.000000] NODE_DATA(0) allocated [mem 0x1ffeb000-0x1ffeffff]
[    0.000000] kvm-clock: Using msrs 4b564d01 and 4b564d00
[    0.000000] kvm-clock: cpu 0, msr 0:1ffe3001, primary cpu clock
[    0.000000] kvm-clock: using sched offset of 3026488615 cycles
[    0.000000] clocksource: kvm-clock: mask: 0xffffffffffffffff max_cycles: 0x1cd42e4dffb, max_idle_ns: 881590591483 ns
[    0.000000] Zone ranges:
[    0.000000]   DMA      [mem 0x0000000000001000-0x0000000000ffffff]
[    0.000000]   DMA32    [mem 0x0000000001000000-0x000000001ffeffff]
[    0.000000]   Normal   empty
[    0.000000]   Device   empty
[    0.000000] Movable zone start for each node
[    0.000000] Early memory node ranges
[    0.000000]   node   0: [mem 0x0000000000001000-0x000000000009efff]
[    0.000000]   node   0: [mem 0x0000000000100000-0x000000001ffeffff]
[    0.000000] Initmem setup node 0 [mem 0x0000000000001000-0x000000001ffeffff]
[    0.000000] ACPI: PM-Timer IO Port: 0x4008
[    0.000000] IOAPIC[0]: apic_id 2, version 32, address 0xfec00000, GSI 0-23
[    0.000000] ACPI: INT_SRC_OVR (bus 0 bus_irq 0 global_irq 2 dfl dfl)
[    0.000000] ACPI: INT_SRC_OVR (bus 0 bus_irq 9 global_irq 9 high level)
[    0.000000] Using ACPI (MADT) for SMP configuration information
[    0.000000] smpboot: Allowing 2 CPUs, 0 hotplug CPUs
[    0.000000] PM: Registered nosave memory: [mem 0x00000000-0x00000fff]
[    0.000000] PM: Registered nosave memory: [mem 0x0009f000-0x0009ffff]
[    0.000000] PM: Registered nosave memory: [mem 0x000a0000-0x000effff]
[    0.000000] PM: Registered nosave memory: [mem 0x000f0000-0x000fffff]
[    0.000000] e820: [mem 0x20000000-0xfebfffff] available for PCI devices
[    0.000000] Booting paravirtualized kernel on KVM
[    0.000000] clocksource: refined-jiffies: mask: 0xffffffff max_cycles: 0xffffffff, max_idle_ns: 7645519600211568 ns
[    0.000000] setup_percpu: NR_CPUS:512 nr_cpumask_bits:512 nr_cpu_ids:2 nr_node_ids:1
[    0.000000] PERCPU: Embedded 33 pages/cpu @ffff88001fc00000 s98264 r8192 d28712 u1048576
[    0.000000] PV qspinlock hash table entries: 256 (order: 0, 4096 bytes)
[    0.000000] Built 1 zonelists in Node order, mobility grouping on.  Total pages: 128889
[    0.000000] Policy zone: DMA32
[    0.000000] Kernel command line: BOOT_IMAGE=/boot/vmlinuz-4.4.0-71-generic root=LABEL=cloudimg-rootfs ro console=tty1 console=ttyS0
[    0.000000] PID hash table entries: 2048 (order: 2, 16384 bytes)
[    0.000000] Memory: 485732K/523832K available (8452K kernel code, 1293K rwdata, 3976K rodata, 1484K init, 1316K bss, 38100K reserved, 0K cma-reserved)
[    0.000000] SLUB: HWalign=64, Order=0-3, MinObjects=0, CPUs=2, Nodes=1
[    0.000000] Hierarchical RCU implementation.
[    0.000000] 	Build-time adjustment of leaf fanout to 64.
[    0.000000] 	RCU restricting CPUs from NR_CPUS=512 to nr_cpu_ids=2.
[    0.000000] RCU: Adjusting geometry for rcu_fanout_leaf=64, nr_cpu_ids=2
[    0.000000] NR_IRQS:33024 nr_irqs:440 16
[    0.000000] Console: colour VGA+ 80x25
[    0.000000] console [tty1] enabled
[    0.000000] console [ttyS0] enabled
[    0.000000] tsc: Detected 2394.542 MHz processor
[    3.630495] Calibrating delay loop (skipped) preset value.. 4789.08 BogoMIPS (lpj=9578168)
[    3.701222] pid_max: default: 32768 minimum: 301
[    3.731606] ACPI: Core revision 20150930
[    3.772377] ACPI: 2 ACPI AML tables successfully acquired and loaded
[    3.851738] Security Framework initialized
[    3.861115] Yama: becoming mindful.
[    3.867994] AppArmor: AppArmor initialized
[    3.889319] Dentry cache hash table entries: 65536 (order: 7, 524288 bytes)
[    3.976652] Inode-cache hash table entries: 32768 (order: 6, 262144 bytes)
[    4.019299] Mount-cache hash table entries: 1024 (order: 1, 8192 bytes)
[    4.128921] Mountpoint-cache hash table entries: 1024 (order: 1, 8192 bytes)
[    4.137109] Initializing cgroup subsys io
[    4.189311] Initializing cgroup subsys memory
[    4.230703] Initializing cgroup subsys devices
[    4.251298] Initializing cgroup subsys freezer
[    4.269491] Initializing cgroup subsys net_cls
[    4.308499] Initializing cgroup subsys perf_event
[    4.309488] Initializing cgroup subsys net_prio
[    4.340463] Initializing cgroup subsys hugetlb
[    4.384731] Initializing cgroup subsys pids
[    4.446537] CPU: Physical Processor ID: 0
[    4.462627] CPU: Processor Core ID: 0
[    4.469188] mce: CPU supports 0 MCE banks
[    4.510453] Last level iTLB entries: 4KB 512, 2MB 8, 4MB 8
[    4.517167] Last level dTLB entries: 4KB 512, 2MB 32, 4MB 32, 1GB 0
[    4.536435] Freeing SMP alternatives memory: 32K (ffffffff820b8000 - ffffffff820c0000)
[    4.559131] ftrace: allocating 32111 entries in 126 pages
[    4.611009] smpboot: APIC(0) Converting physical 0 to logical package 0
[    4.684782] smpboot: Max logical packages: 1
[    4.714416] x2apic enabled
[    4.724579] Switched APIC routing to physical x2apic.
[    4.741275] ..TIMER: vector=0x30 apic1=0 pin1=2 apic2=-1 pin2=-1
[    4.943234] smpboot: CPU0: Intel(R) Core(TM) i7-3635QM CPU @ 2.40GHz (family: 0x6, model: 0x3a, stepping: 0x9)
[    5.042341] Performance Events: unsupported p6 CPU model 58 no PMU driver, software events only.
[    5.193684] KVM setup paravirtual spinlock
[    5.236580] x86: Booting SMP configuration:
[    5.314790] .... node  #0, CPUs:      #1
[    5.361498] kvm-clock: cpu 1, msr 0:1ffe3041, secondary cpu clock
[    5.459625] mce: CPU supports 0 MCE banks
[    5.462230] x86: Booted up 1 node, 2 CPUs
[    5.480458] smpboot: Total of 2 processors activated (9578.16 BogoMIPS)
[    5.508656] devtmpfs: initialized
[    5.565186] evm: security.selinux
[    5.588185] evm: security.SMACK64
[    5.638742] evm: security.SMACK64EXEC
[    5.686890] evm: security.SMACK64TRANSMUTE
[    5.700824] evm: security.SMACK64MMAP
[    5.721052] evm: security.ima
[    5.728187] evm: security.capability
[    5.795651] clocksource: jiffies: mask: 0xffffffff max_cycles: 0xffffffff, max_idle_ns: 7645041785100000 ns
[    5.836993] pinctrl core: initialized pinctrl subsystem
[    5.859655] RTC time: 20:43:10, date: 04/08/17
[    5.903927] NET: Registered protocol family 16
[    5.947253] cpuidle: using governor ladder
[    5.963565] cpuidle: using governor menu
[    6.012833] PCCT header not found.
[    6.048331] ACPI: bus type PCI registered
[    6.054727] acpiphp: ACPI Hot Plug PCI Controller Driver version: 0.5
[    6.061435] PCI: Using configuration type 1 for base access
[    6.132541] ACPI: Added _OSI(Module Device)
[    6.164465] ACPI: Added _OSI(Processor Device)
[    6.214337] ACPI: Added _OSI(3.0 _SCP Extensions)
[    6.239458] ACPI: Added _OSI(Processor Aggregator Device)
[    6.268418] ACPI: Executed 1 blocks of module-level executable AML code
[    6.377979] ACPI: Interpreter enabled
[    6.442990] ACPI: (supports S0 S5)
[    6.478930] ACPI: Using IOAPIC for interrupt routing
[    6.490710] PCI: Using host bridge windows from ACPI; if necessary, use "pci=nocrs" and report a bug
[    6.592349] ACPI: PCI Root Bridge [PCI0] (domain 0000 [bus 00-ff])
[    6.628993] acpi PNP0A03:00: _OSC: OS supports [ASPM ClockPM Segments MSI]
[    6.739004] acpi PNP0A03:00: _OSC failed (AE_NOT_FOUND); disabling ASPM
[    6.826846] acpi PNP0A03:00: fail to add MMCONFIG information, can't access extended PCI configuration space under this bridge.
[    6.906912] PCI host bridge to bus 0000:00
[    6.985594] pci_bus 0000:00: root bus resource [io  0x0000-0x0cf7 window]
[    7.047985] pci_bus 0000:00: root bus resource [io  0x0d00-0xffff window]
[    7.132719] pci_bus 0000:00: root bus resource [mem 0x000a0000-0x000bffff window]
[    7.205563] pci_bus 0000:00: root bus resource [mem 0x20000000-0xffdfffff window]
[    7.336508] pci_bus 0000:00: root bus resource [bus 00-ff]
[    7.433511] pci 0000:00:01.1: legacy IDE quirk: reg 0x10: [io  0x01f0-0x01f7]
[    7.445687] pci 0000:00:01.1: legacy IDE quirk: reg 0x14: [io  0x03f6]
[    7.446914] pci 0000:00:01.1: legacy IDE quirk: reg 0x18: [io  0x0170-0x0177]
[    7.484877] pci 0000:00:01.1: legacy IDE quirk: reg 0x1c: [io  0x0376]
[    7.496992] pci 0000:00:07.0: quirk: [io  0x4000-0x403f] claimed by PIIX4 ACPI
[    7.643469] pci 0000:00:07.0: quirk: [io  0x4100-0x410f] claimed by PIIX4 SMB
[    7.733935] ACPI: PCI Interrupt Link [LNKA] (IRQs 5 9 10 *11)
[    7.755902] ACPI: PCI Interrupt Link [LNKB] (IRQs 5 9 10 *11)
[    7.779035] ACPI: PCI Interrupt Link [LNKC] (IRQs 5 9 *10 11)
[    7.807306] ACPI: PCI Interrupt Link [LNKD] (IRQs 5 *9 10 11)
[    7.898888] ACPI: Enabled 2 GPEs in block 00 to 07
[    7.957282] vgaarb: setting as boot device: PCI:0000:00:02.0
[    7.978263] vgaarb: device added: PCI:0000:00:02.0,decodes=io+mem,owns=io+mem,locks=none
[    8.041023] vgaarb: loaded
[    8.103807] vgaarb: bridge control possible 0000:00:02.0
[    8.139509] SCSI subsystem initialized
[    8.164879] ACPI: bus type USB registered
[    8.201352] usbcore: registered new interface driver usbfs
[    8.220496] usbcore: registered new interface driver hub
[    8.342413] usbcore: registered new device driver usb
[    8.431155] PCI: Using ACPI for IRQ routing
[    8.486849] NetLabel: Initializing
[    8.552882] NetLabel:  domain hash size = 128
[    8.583256] NetLabel:  protocols = UNLABELED CIPSOv4
[    8.589565] NetLabel:  unlabeled traffic allowed by default
[    8.597291] amd_nb: Cannot enumerate AMD northbridges
[    8.630543] clocksource: Switched to clocksource kvm-clock
[    8.710418] AppArmor: AppArmor Filesystem Enabled
[    8.722800] pnp: PnP ACPI init
[    8.798596] pnp: PnP ACPI: found 3 devices
[    8.818299] clocksource: acpi_pm: mask: 0xffffff max_cycles: 0xffffff, max_idle_ns: 2085701024 ns
[    8.967768] NET: Registered protocol family 2
[    8.974587] TCP established hash table entries: 4096 (order: 3, 32768 bytes)
[    9.105807] TCP bind hash table entries: 4096 (order: 4, 65536 bytes)
[    9.161136] TCP: Hash tables configured (established 4096 bind 4096)
[    9.268922] UDP hash table entries: 256 (order: 1, 8192 bytes)
[    9.296896] UDP-Lite hash table entries: 256 (order: 1, 8192 bytes)
[    9.386951] NET: Registered protocol family 1
[    9.470091] pci 0000:00:00.0: Limiting direct PCI/PCI transfers
[    9.531416] pci 0000:00:01.0: Activating ISA DMA hang workarounds
[    9.590656] Unpacking initramfs...
[   11.278734] Freeing initrd memory: 10768K (ffff88001ecc2000 - ffff88001f746000)
[   11.288528] RAPL PMU detected, API unit is 2^-32 Joules, 3 fixed counters 10737418240 ms ovfl timer
[   11.290310] hw unit of domain pp0-core 2^-0 Joules
[   11.327440] hw unit of domain package 2^-0 Joules
[   11.360651] hw unit of domain pp1-gpu 2^-0 Joules
[   11.410471] platform rtc_cmos: registered platform RTC device (no PNP device found)
[   11.465938] Scanning for low memory corruption every 60 seconds
[   11.500723] futex hash table entries: 512 (order: 3, 32768 bytes)
[   11.650447] audit: initializing netlink subsys (disabled)
[   11.867163] audit: type=2000 audit(1491684193.728:1): initialized
[   12.116303] Initialise system trusted keyring
[   12.359150] HugeTLB registered 2 MB page size, pre-allocated 0 pages
[   12.363185] zbud: loaded
[   12.426319] tsc: Refined TSC clocksource calibration: 2392.837 MHz
[   12.465080] clocksource: tsc: mask: 0xffffffffffffffff max_cycles: 0x227dc8df251, max_idle_ns: 440795282310 ns
[   12.465362] VFS: Disk quotas dquot_6.6.0
[   12.465392] VFS: Dquot-cache hash table entries: 512 (order 0, 4096 bytes)
[   12.465620] squashfs: version 4.0 (2009/01/31) Phillip Lougher
ÿ[   12.518739] fuse init (API version 7.23)
[   12.519088] Key type big_key registered
[   12.519110] Allocating IMA MOK and blacklist keyrings.
[   12.519536] Key type asymmetric registered
[   12.519546] Asymmetric key parser 'x509' registered
[   12.519595] Block layer SCSI generic (bsg) driver version 0.4 loaded (major 249)
[   12.519642] io scheduler noop registered
[   12.519644] io scheduler deadline registered (default)
[   12.519678] io scheduler cfq registered
[   12.519808] pci_hotplug: PCI Hot Plug PCI Core version: 0.5
[   12.519817] pciehp: PCI Express Hot Plug Controller Driver version: 0.4
[   12.520271] ACPI: AC Adapter [AC] (off-line)
[   12.520391] input: Power Button as /devices/LNXSYSTM:00/LNXPWRBN:00/input/input0
[   12.520395] ACPI: Power Button [PWRF]
[   12.520539] input: Sleep Button as /devices/LNXSYSTM:00/LNXSLPBN:00/input/input1
[   12.520542] ACPI: Sleep Button [SLPF]
[   12.520848] GHES: HEST is not enabled!
[   12.520999] Serial: 8250/16550 driver, 32 ports, IRQ sharing enabled
[   12.551864] 00:02: ttyS0 at I/O 0x3f8 (rrq = 4, base_baud = 115200) is a 16550A
[   12.565165] Linux agpgart interface v0.103
[   12.577687] loop: module loaded
[   12.578585] scsi host0: ata_piix
[   12.578668] scsi host1: ata_piix
[   12.578719] ata1: PATA max UDMA/33 cmd 0x1f0 ctl 0x3f6 bmdma 0xd000 irq 14
[   12.578720] ata2: PATA max UDMA/33 cmd 0x170 ctl 0x376 bmdma 0xd008 irq 15
[   12.578824] libphy: Fixed MDIO Bus: probed
[   12.578859] tun: Universal TUN/TAP device driver, 1.6
[   12.578859] tun: (C) 1999-2004 Max Krasnyansky <maxk@qualcomm.com>
[   12.578978] PPP generic driver version 2.4.2
[   12.579057] ehci_hcd: USB 2.0 'Enhanced' Host Controller (EHCI) Driver
[   12.579064] ehci-pci: EHCI PCI platform driver
[   12.579088] ehci-platform: EHCI generic platform driver
[   12.579101] ohci_hcd: USB 1.1 'Open' Host Controller (OHCI) Driver
[   12.579105] ohci-pci: OHCI PCI platform driver
[   12.579117] ohci-platform: OHCI generic platform driver
[   12.579128] uhci_hcd: USB Universal Host Controller Interface driver
[   12.579201] i8042: PNP: PS/2 Controller [PNP0303:PS2K,PNP0f03:PS2M] at 0x60,0x64 irq 1,12
[   12.579791] serio: i8042 KBD port at 0x60,0x64 irq 1
[   12.579829] serio: i8042 AUX port at 0x60,0x64 irq 12
[   12.580081] mousedev: PS/2 mouse device common for all mice
[   12.580413] input: AT Translated Set 2 keyboard as /devices/platform/i8042/serio0/input/input2
[   12.580760] rtc_cmos rtc_cmos: rtc core: registered rtc_cmos as rtc0
[   12.580817] rtc_cmos rtc_cmos: alarms up to one day, 114 bytes nvram
[   12.580824] i2c /dev entries driver
[   12.580880] device-mapper: uevent: version 1.0.3
[   12.580949] device-mapper: ioctl: 4.34.0-ioctl (2015-10-28) initialised: dm-devel@redhat.com
[   12.580974] ledtrig-cpu: registered to indicate activity on CPUs
[   12.581444] NET: Registered protocol family 10
[   12.581739] NET: Registered protocol family 17
[   12.581753] Key type dns_resolver registered
[   12.582014] microcode: CPU0 sig=0x306a9, pf=0x2, revision=0x19
[   12.596581] microcode: CPU1 sig=0x306a9, pf=0x2, revision=0x19
[   12.596686] microcode: Microcode Update Driver: v2.01 <tigran@aivazian.fsnet.co.uk>, Peter Oruba
[   12.596905] registered taskstats version 1
[   12.596922] Loading compiled-in X.509 certificates
[   12.597895] Loaded X.509 cert 'Build time autogenerated kernel key: 812d956779f79f89ad448268b75be2bbdc5d2bc7'
[   12.597951] zswap: loaded using pool lzo/zbud
[   12.599498] ACPI: Battery Slot [BAT0] (battery present)
[   12.603156] Key type trusted registered
[   12.607145] Key type encrypted registered
[   12.607151] AppArmor: AppArmor sha1 policy hashing enabled
[   12.607153] ima: No TPM chip found, activating TPM-bypass!
[   12.607176] evm: HMAC attrs: 0x1
[   12.607731]   Magic number: 13:394:750
[   12.607743] ata_link link1: hash matches
[   12.607745]  link1: hash matches
[   12.607757] tty ttyS1: hash matches
[   12.612299] rtc_cmos rtc_cmos: setting system clock to 2017-04-08 20:43:17 UTC (1491684197)
[   12.612468] BIOS EDD facility v0.16 2004-Jun-25, 0 devices found
[   12.612468] EDD information not available.
[   19.330985] Freeing unused kernel memory: 1484K (ffffffff81f45000 - ffffffff820b8000)
[   19.353082] Write protecting the kernel read-only data: 14336k
[   19.367692] Freeing unused kernel memory: 1776K (ffff880001844000 - ffff880001a00000)
[   19.391683] Freeing unused kernel memory: 120K (ffff880001de2000 - ffff880001e00000)
Loading, please wait...
[   19.416640] random: systemd-udevd: uninitialized urandom read (16 bytes read, 4 bits of entropy available)
starting version[   19.417250] random: udevadm: uninitialized urandom read (16 bytes read, 4 bits of entropy available)
 229
[   19.417288] random: udevadm: uninitialized urandom read (16 bytes read, 4 bits of entropy available)
[   19.417415] random: udevadm: uninitialized urandom read (16 bytes read, 4 bits of entropy available)
[   19.417464] random: udevadm: uninitialized urandom read (16 bytes read, 4 bits of entropy available)
[   19.417512] random: udevadm: uninitialized urandom read (16 bytes read, 4 bits of entropy available)
[   19.417557] random: udevadm: uninitialized urandom read (16 bytes read, 4 bits of entropy available)
[   19.417602] random: udevadm: uninitialized urandom read (16 bytes read, 4 bits of entropy available)
[   19.417649] random: udevadm: uninitialized urandom read (16 bytes read, 4 bits of entropy available)
[   19.417693] random: udevadm: uninitialized urandom read (16 bytes read, 4 bits of entropy available)
[   20.162729] e1000: Intel(R) PRO/1000 Network Driver - version 7.3.21-k8-NAPI
[   20.349392] e1000: Copyright (c) 1999-2006 Intel Corporation.
[   20.374930] Fusion MPT base driver 3.04.20
[   20.391857] Copyright (c) 1999-2008 LSI Corporation
[   20.434278] Fusion MPT SPI Host driver 3.04.20
[   20.452729] AVX version of gcm_enc/dec engaged.
[   20.560809] AES CTR mode by8 optimization enabled
[   20.631642] input: ImExPS/2 Generic Explorer Mouse as /devices/platform/i8042/serio1/input/input4
[   20.798943] e1000 0000:00:03.0 eth0: (PCI:33MHz:32-bit) 02:6f:83:38:c1:e5
[   20.839147] e1000 0000:00:03.0 eth0: Intel(R) PRO/1000 Network Connection
[   20.847429] mptbase: ioc0: Initiating bringup
[   20.994318] ioc0: LSI53C1030 A0: Capabilities={Initiator}
[   21.285130] scsi host2: ioc0: LSI53C1030 A0, FwRev=00000000h, Ports=1, MaxQ=256, IRQ=20
[   21.528222] scsi 2:0:0:0: Direct-Access     VBOX     HARDDISK         1.0  PQ: 0 ANSI: 5
[   21.775564] scsi target2:0:0: Beginning Domain Validation
[   21.891374] e1000 0000:00:08.0 eth1: (PCI:33MHz:32-bit) 08:00:27:9c:6e:8e
[   21.891379] e1000 0000:00:08.0 eth1: Intel(R) PRO/1000 Network Connection
[   21.941297] e1000 0000:00:08.0 enp0s8: renamed from eth1
[   21.979510] scsi target2:0:0: Domain Validation skipping write tests
[   22.051108] scsi target2:0:0: Ending Domain Validation
[   22.101540] scsi target2:0:0: asynchronous
[   22.107832] e1000 0000:00:03.0 enp0s3: renamed from eth0
[   22.207000] scsi 2:0:1:0: Direct-Access     VBOX     HARDDISK         1.0  PQ: 0 ANSI: 5
[   22.288091] scsi target2:0:1: Beginning Domain Validation
[   22.328360] scsi target2:0:1: Domain Validation skipping write tests
[   22.384721] scsi target2:0:1: Ending Domain Validation
[   22.400652] scsi target2:0:1: asynchronous
[   22.417804] sd 2:0:0:0: Attached scsi generic sg0 type 0
[   22.447624] sd 2:0:0:0: [sda] 20971520 512-byte logical blocks: (10.7 GB/10.0 GiB)
[   22.472611] sd 2:0:1:0: [sdb] 20480 512-byte logical blocks: (10.5 MB/10.0 MiB)
[   22.477045] sd 2:0:1:0: Attached scsi generic sg1 type 0
[   22.477116] sd 2:0:0:0: [sda] Write Protect is off
[   22.495076] sd 2:0:1:0: [sdb] Write Protect is off
[   22.515724] sd 2:0:0:0: [sda] Incomplete mode parameter data
[   22.515818] sd 2:0:1:0: [sdb] Incomplete mode parameter data
[   22.515820] sd 2:0:1:0: [sdb] Assuming drive cache: write through
[   22.517636] sd 2:0:1:0: [sdb] Attached SCSI disk
[   22.591242] sd 2:0:0:0: [sda] Assuming drive cache: write through
[   22.615161]  sda: sda1
[   22.622843] sd 2:0:0:0: [sda] Attached SCSI disk
[   23.455325] floppy0: no floppy controllers found
Begin: Loading e[   24.872925] md: linear personality registered for level -1
ssential drivers[   24.986449] md: multipath personality registered for level -4
 ... [   25.008517] md: raid0 personality registered for level 0
[   25.024147] md: raid1 personality registered for level 1
[   25.114665] raid6: sse2x1   gen()  8245 MB/s
[   25.258594] raid6: sse2x1   xor()  6945 MB/s
[   25.354597] raid6: sse2x2   gen() 10980 MB/s
[   25.514605] raid6: sse2x2   xor()  7554 MB/s
[   25.654729] raid6: sse2x4   gen() 11850 MB/s
[   25.762633] raid6: sse2x4   xor()  9229 MB/s
[   25.841103] raid6: using algorithm sse2x4 gen() 11850 MB/s
[   25.872819] raid6: .... xor() 9229 MB/s, rmw enabled
[   25.920146] raid6: using ssse3x2 recovery algorithm
[   25.949012] xor: automatically using best checksumming function:
[   25.998789]    avx       : 21365.000 MB/sec
[   26.071953] async_tx: api initialized (async)
[   26.298202] md: raid6 personality registered for level 6
[   26.361978] md: raid5 personality registered for level 5
[   26.584629] md: raid4 personality registered for level 4
[   26.748404] md: raid10 personality registered for level 10
done.
Begin: Running /scripts/init-premount ... done.
Begin: Mounting root fil[   26.839070] Btrfs loaded
e system ... Begin: Running /scripts/local-top ... done.
Begin: Running /scripts/local-premount ... Scanning for Btrfs filesystems
done.
Warning: fsck not present, so skipping root file system
[   26.868762] EXT4-fs (sda1): mounted filesystem with ordered data mode. Opts: (null)
done.
Begin: Running /scripts/local-bottom ... done.
Begin: Running /scripts/init-bottom ... done.
[   26.967109] systemd[1]: systemd 229 running in system mode. (+PAM +AUDIT +SELINUX +IMA +APPARMOR +SMACK +SYSVINIT +UTMP +LIBCRYPTSETUP +GCRYPT +GNUTLS +ACL +XZ -LZ4 +SECCOMP +BLKID +ELFUTILS +KMOD -IDN)
[   27.301819] systemd[1]: Detected virtualization oracle.
[   27.344733] systemd[1]: Detected architecture x86-64.

Welcome to [1mUbuntu 16.04.2 LTS[0m!

[   27.471338] systemd[1]: Set hostname to <ubuntu>.
[   27.479507] systemd[1]: Initializing machine ID from random generator.
[   27.590256] systemd[1]: Installed transient /etc/machine-id file.
[   27.746104] systemd[1]: Reached target Encrypted Volumes.
[[0;32m  OK  [0m] Reached target Encrypted Volumes.
[   27.875749] systemd[1]: Reached target Swap.
[[0;32m  OK  [0m] Reached target Swap.
[   28.004121] systemd[1]: Listening on Journal Audit Socket.
[[0;32m  OK  [0m] Listening on Journal Audit Socket.
[   28.085896] systemd[1]: Listening on /dev/initctl Compatibility Named Pipe.
[[0;32m  OK  [0m] Listening on /dev/initctl Compatibility Named Pipe.
[   28.247689] systemd[1]: Listening on Syslog Socket.
[[0;32m  OK  [0m] Listening on Syslog Socket.
[   28.303337] systemd[1]: Created slice User and Session Slice.
[[0;32m  OK  [0m] Created slice User and Session Slice.
[   28.379405] systemd[1]: Listening on Device-mapper event daemon FIFOs.
[[0;32m  OK  [0m] Listening on Device-mapper event daemon FIFOs.
[   28.463298] systemd[1]: Listening on LVM2 poll daemon socket.
[[0;32m  OK  [0m] Listening on LVM2 poll daemon socket.
[   28.511477] systemd[1]: Set up automount Arbitrary Executable File Formats File System Automount Point.
[[0;32m  OK  [0m] Set up automount Arbitrary Executab...ats File System Automount Point.
[   28.683241] systemd[1]: Listening on udev Control Socket.
[[0;32m  OK  [0m] Listening on udev Control Socket.
[   28.807161] systemd[1]: Listening on Journal Socket.
[[0;32m  OK  [0m] Listening on Journal Socket.
[   28.948892] systemd[1]: Listening on Journal Socket (/dev/log).
[[0;32m  OK  [0m] Listening on Journal Socket (/dev/log).
[   28.995244] systemd[1]: Reached target User and Group Name Lookups.
[[0;32m  OK  [0m] Reached target User and Group Name Lookups.
[   29.043079] systemd[1]: Listening on udev Kernel Socket.
[[0;32m  OK  [0m] Listening on udev Kernel Socket.
[   29.159218] systemd[1]: Started Forward Password Requests to Wall Directory Watch.
[[0;32m  OK  [0m] Started Forward Password Requests to Wall Directory Watch.
[   29.231304] systemd[1]: Created slice System Slice.
[[0;32m  OK  [0m] Created slice System Slice.
[   29.347480] systemd[1]: Starting Create list of required static device nodes for the current kernel...
         Starting Create list of required st... nodes for the current kernel...
[   29.523467] systemd[1]: Starting Uncomplicated firewall...
         Starting Uncomplicated firewall...
[   29.678980] systemd[1]: Mounting Huge Pages File System...
         Mounting Huge Pages File System...
[   29.755199] systemd[1]: Mounting Debug File System...
         Mounting Debug File System...
[   29.828012] systemd[1]: Starting Nameserver information manager...
         Starting Nameserver information manager...
[   29.899361] systemd[1]: Starting Load Kernel Modules...
[   29.960618] random: nonblocking pool is initialized
         [   30.196354] Loading iSCSI transport class v2.0-870.
Starting Load Kernel Modules...[   30.312637] iscsi: registered transport (tcp)

[   30.363248] systemd[1]: Starting Remount Root and Kernel File Systems...
         [   30.397013] EXT4-fs (sda1): re-mounted. Opts: (null)
Starting Remount[   30.409705] iscsi: registered transport (iser)
 Root and Kernel File Systems...
[   30.523407] systemd[1]: Mounting POSIX Message Queue File System...
         Mounting POSIX Message Queue File System...
[   30.600003] systemd[1]: Reached target Slices.
[[0;32m  OK  [0m] Reached target Slices.
[   30.651519] systemd[1]: Created slice system-serial\x2dgetty.slice.
[[0;32m  OK  [0m] Created slice system-serial\x2dgetty.slice.
[   30.711030] systemd[1]: Starting Journal Service...
         Starting Journal Service...
[   30.787858] systemd[1]: Starting Set console keymap...
         Starting Set console keymap...
[   30.810876] systemd[1]: Listening on LVM2 metadata daemon socket.
[[0;32m  OK  [0m] Listening on LVM2 metadata daemon socket.
[   30.843027] systemd[1]: Starting Monitoring of LVM2 mirrors, snapshots etc. using dmeventd or progress polling...
         Starting Monitoring of LVM2 mirrors... dmeventd or progress polling...
[   31.106038] systemd[1]: Mounted Debug File System.
[[0;32m  OK  [0m] Mounted Debug File System.
[   31.135206] systemd[1]: Mounted Huge Pages File System.
[[0;32m  OK  [0m] Mounted Huge Pages File System.
[   31.187185] systemd[1]: Mounted POSIX Message Queue File System.
[[0;32m  OK  [0m] Mounted POSIX Message Queue File System.
[   31.311159] systemd[1]: Started Journal Service.
[[0;32m  OK  [0m] Started Journal Service.
[[0;32m  OK  [0m] Started Create list of required sta...ce nodes for the current kernel.
[[0;32m  OK  [0m] Started Uncomplicated firewall.
[[0;32m  OK  [0m] Started Load Kernel Modules.
[[0;32m  OK  [0m] Started Remount Root and Kernel File Systems.
[[0;32m  OK  [0m] Started Set console keymap.
[[0;32m  OK  [0m] Started Nameserver information manager.
[[0;32m  OK  [0m] Started LVM2 metadata daemon.
         Starting Initial cloud-init job (pre-networking)...
         Starting Load/Save Random Seed...
         Starting udev Coldplug all Devices...
         Mounting FUSE Control File System...
         Starting Apply Kernel Variables...
         Starting Create Static Device Nodes in /dev...
         Starting Flush Journal to Persistent Storage...
[[0;32m  OK  [0m] Mounted FUSE Control File System.
[[0;32m  OK  [0m] Started Load/Save Random Seed.
[[0;32m  OK  [0m] Started Apply Kernel Variables.
[[0;32m  OK  [0m] Started Create Static Device Nodes in /dev.
[[0;32m  OK  [0m] Started udev Coldplug all Devices.
[[0;32m  OK  [0m] Started Flush Journal to Persistent Storage.
         Starting udev Kernel Device Manager...
[[0;32m  OK  [0m] Started udev Kernel Device Manager.
[[0;32m  OK  [0m] Started Dispatch Password Requests to Console Directory Watch.
[[0;32m  OK  [0m] Started Monitoring of LVM2 mirrors,...ng dmeventd or progress polling.
[[0;32m  OK  [0m] Reached target Local File Systems (Pre).
[[0;32m  OK  [0m] Reached target Local File Systems.
         Starting Tell Plymouth To Write Out Runtime Data...
         Starting Commit a transient machine-id on disk...
         Starting Set console font and keymap...
         Starting LSB: AppArmor initialization...
         Starting Create Volatile Files and Directories...
[[0;32m  OK  [0m] Started Tell Plymouth To Write Out Runtime Data.
[[0;32m  OK  [0m] Started Commit a transient machine-id on disk.
[[0;32m  OK  [0m] Started Create Volatile Files and Directories.
[   24.834976] cloud-init[439]: Cloud-init v. 0.7.9 running 'init-local' at Sat, 08 Apr 2017 20:43:37 +0000. Up 24.33 seconds.
[[0;32m  OK  [0m] Found device /dev/ttyS0.
[[0;1;31mFAILED[0m] Failed to start Set console font and keymap.
See 'systemctl status console-setup.service' for details.
[[0;32m  OK  [0m] Started Initial cloud-init job (pre-networking).
[[0;32m  OK  [0m] Started LSB: AppArmor initialization.
[[0;32m  OK  [0m] Listening on Load/Save RF Kill Switch Status /dev/rfkill Watch.
[[0;32m  OK  [0m] Reached target Network (Pre).
         Starting Raise network interfaces...
[[0;32m  OK  [0m] Created slice system-getty.slice.
[[0;32m  OK  [0m] Reached target System Time Synchronized.
         Starting Update UTMP about System Boot/Shutdown...
[[0;32m  OK  [0m] Started Update UTMP about System Boot/Shutdown.
[[0;32m  OK  [0m] Started Raise network interfaces.
[[0;32m  OK  [0m] Reached target Network.
         Starting Initial cloud-init job (metadata service crawler)...
[   28.490191] cloud-init[913]: Cloud-init v. 0.7.9 running 'init' at Sat, 08 Apr 2017 20:43:40 +0000. Up 27.90 seconds.
[   28.541090] cloud-init[913]: ci-info: ++++++++++++++++++++++++++++++++++++++Net device info++++++++++++++++++++++++++++++++++++++
[   28.541399] cloud-init[913]: ci-info: +--------+-------+----------------------------+---------------+-------+-------------------+
[[0;32m  OK  [0m] Started Initial cloud-init job (metadata service crawler).
[   28.541562] cloud-init[913]: ci-info: | Device |   Up  |          Address           |      Mask     | Scope |     Hw-Address    |
[   28.736940] cloud-init[913]: ci-info: +--------+-------+----------------------------+---------------+-------+-------------------+
[   28.737487] cloud-init[913]: ci-info: | enp0s3 |  True |         10.0.2.15          | 255.255.255.0 |   .   | 02:6f:83:38:c1:e5 |
[[0;32m  OK  [0m] Reached target System Initialization.
[[   28.737652] cloud-init[913]: ci-info: | enp0s3 |  True | fe80::6f:83ff:fe38:c1e5/64 |       .       |  link | 02:6f:83:38:c1:e5 |
[   28.881679] cloud-init[913]: ci-info: |   lo   |  True |         127.0.0.1          |   255.0.0.0   |   .   |         .         |
[0;32m  OK  [0m] Started Daily apt activities.
[[   28.881784] cloud-init[913]: ci-info: |   lo   |  True |          ::1/128           |       .       |  host |         .         |
[   29.045304] cloud-init[913]: ci-info: | enp0s8 | False |             .              |       .       |   .   | 08:00:27:9c:6e:8e |
[0;32m  OK  [0m] Listening on UUID daemon activation socket.
[   29.045393] cloud-init[913]: ci-info: +--------+-------+----------------------------+---------------+-------+-------------------+
[   29.188806] cloud-init[913]: ci-info: +++++++++++++++++++++++++++Route IPv4 info++++++++++++++++++++++++++++
[   29.189063] cloud-init[913]: ci-info: +-------+-------------+----------+---------------+-----------+-------+
         Starting Socket activation for snappy daemon.
[[   29.189227] cloud-init[913]: ci-info: | Route | Destination | Gateway  |    Genmask    | Interface | Flags |
[   29.254310] cloud-init[913]: ci-info: +-------+-------------+----------+---------------+-----------+-------+
[0;32m  OK  [0m] Started Timer to automatically refresh installed snaps.
[[   29.254413] cloud-init[913]: ci-info: |   0   |   0.0.0.0   | 10.0.2.2 |    0.0.0.0    |   enp0s3  |   UG  |
[   29.401065] cloud-init[913]: ci-info: |   1   |   10.0.2.0  | 0.0.0.0  | 255.255.255.0 |   enp0s3  |   U   |
[0;32m  OK  [0m] Listening on D-Bus System Message Bus Socket.
[[   29.401226] cloud-init[913]: ci-info: +-------+-------------+----------+---------------+-----------+-------+
[   29.541816] cloud-init[913]: Generating public/private rsa key pair.
[0;32m  OK  [0m] Started Trigger resolvconf update for networkd DNS.
[[   29.541932] cloud-init[913]: Your identification has been saved in /etc/ssh/ssh_host_rsa_key.
[   29.681031] cloud-init[913]: Your public key has been saved in /etc/ssh/ssh_host_rsa_key.pub.
[0;32m  OK  [0m] Started Daily Cleanup of Temporary Directories.
[   29.681156] cloud-init[913]: The key fingerprint is:
[   29.765362] cloud-init[913]: SHA256:pw/MEMK9D4JZ5/Vp8qXEZl5WFKjBDgSiY8BsSI4QRqM root@ubuntu-xenial
[[0;32m  OK  [0m] Reached target Timers.
[   29.765461] cloud-init[913]: The key's randomart image is:
[   29.920559] cloud-init[913]: +---[RSA 2048]----+
[   29.920878] cloud-init[913]: |X*  . .o..   .o. |
[[0;32m  OK  [0m] Started ACPI Events Check.
[   29.921016] cloud-init[913]: |B=.o o  . o ..   |
[   30.037465] cloud-init[913]: |E.+ + + .o o  .  |
[[0;32m  OK  [0m] Reached target Paths.
[   30.037700] cloud-init[913]: | . = + + oo. .   |
[   30.128806] cloud-init[913]: |  o . = S X +    |
[   30.129258] cloud-init[913]: |     . * @ =     |
         Starting LXD - unix socket.
[[0;32m  OK  [0m[   30.129441] ] cloud-initListening on ACPID Listen Socket.[913]: 
|        * +      |
[   30.240826] cloud-init[913]: |         o       |
[   30.241312] cloud-init[913]: |          .      |
[[0;32m  OK  [0m] Reached target Network is Online.
[   30.241437] cloud-init[913]: +----[SHA256]-----+
[   30.352692] cloud-init[913]: Generating public/private dsa key pair.
[   30.353149] cloud-init[913]: Your identification has been saved in /etc/ssh/ssh_host_dsa_key.
         Starting iSCSI initiator daemon (iscsid)...
[   30.353264] cloud-init[913]: Your public key has been saved in /etc/ssh/ssh_host_dsa_key.pub.
[   30.483540] cloud-init[913]: The key fingerprint is:
[[0;32m  OK  [0m] Reached target Cloud-config availability.
[   30.483627] cloud-init[913]: SHA256:7pyT9wwpl+k7SqfGsE+FtNMXgtYuhXa0qSLQLtED7EE root@ubuntu-xenial
[   30.620921] cloud-init[913]: The key's randomart image is:
[   30.621416] cloud-init[913]: +---[DSA 1024]----+
[[0;32m  OK  [0m] Listening on Socket activation for snappy daemon.
[[   30.621548] cloud-init[913]: | oE       .      |
[   30.737065] cloud-init[913]: |  o+     = o     |
[0;32m  OK  [0m] Listening on LXD - unix socket.
[   30.737209] cloud-init[913]: | .o.+   * B .    |
[   30.864713] cloud-init[913]: |  .+ . + O . .   |
[   30.865099] cloud-init[913]: |  . o . S + .    |
[[0;32m  OK  [0m] Started iSCSI initiator daemon (iscsid).
[   30.865286] cloud-init[913]: |   . ..o + =     |
[   30.960766] cloud-init[913]: |       +=.B      |
[   30.961221] cloud-init[913]: |      .==Boo     |
         Starting Login to default iSCSI targets...
[   30.961378] cloud-init[913]: |       oB+o+o    |
[   31.017310] cloud-init[913]: +----[SHA256]-----+
[[0;32m  OK  [0m] Reached target Sockets.
[   31.017421] cloud-init[913]: Generating public/private ecdsa key pair.
[   31.089003] cloud-init[913]: Your identification has been saved in /etc/ssh/ssh_host_ecdsa_key.
[[0;32m  OK  [0m] Reached target Basic System.
[   31.089113] cloud-init[913]: Your public key has been saved in /etc/ssh/ssh_host_ecdsa_key.pub.
[   31.192874] cloud-init[913]: The key fingerprint is:
[   31.193375] cloud-init[913]: SHA256:D82leNL4Z4xtPxvuQqq53yV2jOTgm3AePiTzu0AVJwg root@ubuntu-xenial
[[0;32m  OK  [0m] Started Regular background program processing daemon.
[   31.193498] cloud-init[913]: The key's randomart image is:
[   31.340815] cloud-init[913]: +---[ECDSA 256]---+
[   31.341192] cloud-init[913]: |      E. .o .    |
[[0;32m  OK  [0m] Started Deferred execution scheduler.
[   31.341394] cloud-init[913]: |        .  +     |
[   31.394964] cloud-init[913]: |          . .    |
[   31.412874] cloud-init[913]: |         B o     |
[   31.413312] cloud-init[913]: |        S B .    |
         Starting LSB: MD monitoring daemon...
[   31.413443] cloud-init[913]: |       .oB.B.o   |
[   31.532648] cloud-init[913]: |        o=Bo@ =  |
[   31.533073] cloud-init[913]: |         B+X.*.. |
[[0;32m  OK  [0m] Started ACPI event daemon.
[   31.533259] cloud-init[913]: |        ++O+.o=o |
         Starting Accounts Service...
[   31.624785] cloud-init[913]: +----[SHA256]-----+
[   31.644210] cloud-init[913]: Generating public/private ed25519 key pair.
[   31.644466] cloud-init[913]: Your identification has been saved in /etc/ssh/ssh_host_ed25519_key.
[[0;32m  OK  [0m] Started Snappy daemon.
[   31.644631] cloud-init[913]: Your public key has been saved in /etc/ssh/ssh_host_ed25519_key.pub.
[   31.699571] cloud-init[913]: The key fingerprint is:
[[0;32m  OK  [0m] Started D-Bus System Message Bus.
[   31.699919] cloud-init[913]: SHA256:Yw1QrwUIec7RI3OQ/pw2jBuN/+8rZoOvYPTIDF8a5YE root@ubuntu-xenial
[   31.752916] cloud-init[913]: The key's randomart image is:
[   31.753457] cloud-init[913]: +--[ED25519 256]--+
         Starting /etc/rc.local Compatibility...
[   31.753590] cloud-init[913]: |    .oo*o        |
[[0;32m  OK  [0m[   31.866982] cloud-init[913]: |    . Bo+o       |
[   31.867645] cloud-init[913]: |     =E=+.o      |
[   31.867804] cloud-init[913]: |      +o *       |
[   31.867975] cloud-init[913]: |    . oBS..      |
[   31.868314] cloud-init[913]: |     *+BO.       |
[   31.868473] cloud-init[913]: |      O=.o       |
[   31.868640] cloud-init[913]: |     ...o =      |
[   31.868804] cloud-init[913]: |        .*o=+.   |
] Started FUSE filesystem for LXC.
[   31.868966] cloud-init[913]: +----[SHA256]-----+
         Starting Apply the settings specified in cloud-config...
         Starting LXD - container startup/shutdown...
         Starting Pollinate to seed the pseudo random number generator...
         Starting System Logging Service...
         Starting LSB: Record successful boot for GRUB...
         Starting Login Service...
         Starting Auto import assertions from block devices...
[[0;32m  OK  [0m] Started System Logging Service.
[[0;32m  OK  [0m] Started /etc/rc.local Compatibility.
[[0;32m  OK  [0m] Started LXD - container startup/shutdown.
[[0;32m  OK  [0m] Started Auto import assertions from block devices.
[   32.284021] cloud-init[1039]: Generating locales (this might take a while)...
[[0;32m  OK  [0m] Started Login to default iSCSI targets.
[[0;32m  OK  [0m] Started LSB: MD monitoring daemon.
[[0;32m  OK  [0m] Started LSB: Record successful boot for GRUB.
[[0;32m  OK  [0m] Started Login Service.
         Starting Authenticate and Authorize Users to Run Privileged Tasks...
[[0;32m  OK  [0m] Reached target Remote File Systems (Pre).
[[0;32m  OK  [0m] Reached target Remote File Systems.
         Starting LSB: Set the CPU Frequency Scaling governor to "ondemand"...
         Starting LSB: automatic crash report generation...
         Starting LSB: VirtualBox Linux Additions...
         Starting LSB: daemon to balance interrupts for SMP systems...
         Starting Permit User Sessions...
[[0;32m  OK  [0m] Started Permit User Sessions.
[[0;32m  OK  [0m] Started Authenticate and Authorize Users to Run Privileged Tasks.
[[0;32m  OK  [0m] Started Accounts Service.
[   33.109526] cloud-init[1039]:   en_US.UTF-8... done
[   33.218108] [cloud-init[0;32m  OK  [0m[1039]: ] Generation complete.Started LSB: Set the CPU Frequency Scaling governor to "ondemand".

[[0;32m  OK  [0m] Started LSB: automatic crash report generation.
[[0;32m  OK  [0m] Started LSB: VirtualBox Linux Additions.
         Starting Terminate Plymouth Boot Screen...
         Starting Hold until boot process finishes up...
[[0;32m  OK  [0m] Started LSB: daemon to balance interrupts for SMP systems.
[[0;32m  OK  [0m] Started Terminate Plymouth Boot Screen.
[[0;32m  OK  [0m] Started Hold until boot process finishes up.
[[0;32m  OK  [0m] Stopped OpenBSD Secure Shell server.
         Starting OpenBSD Secure Shell server...
[[0;32m  OK  [0m] Started Serial Getty on ttyS0.
         Starting Set console scheme...
[[0;32m  OK  [0m] Started Getty on tty1.
[[0;32m  OK  [0m] Reached target Login Prompts.
[[0;32m  OK  [0m] Started OpenBSD Secure Shell server.
[[0;32m  OK  [0m] Started Set console scheme.
[   34.059670] cloud-init[1039]: Cloud-init v. 0.7.9 running 'modules:config' at Sat, 08 Apr 2017 20:43:45 +0000. Up 32.19 seconds.
[[0;32m  OK  [0m] Started Apply the settings specified in cloud-config.
[[0;32m  OK  [0m] Started Pollinate to seed the pseudo random number generator.
[[0;32m  OK  [0m] Reached target Multi-User System.
         Starting Execute cloud user/final scripts...
[[0;32m  OK  [0m] Reached target Graphical Interface.
         Starting Update UTMP about System Runlevel Changes...
[[0;32m  OK  [0m] Started Update UTMP about System Runlevel Changes.
ci-info: no authorized ssh keys fingerprints found for user ubuntu.
<14>Apr  8 20:43:47 ec2: 
<14>Apr  8 20:43:47 ec2: #############################################################
<14>Apr  8 20:43:47 ec2: -----BEGIN SSH HOST KEY FINGERPRINTS-----
<14>Apr  8 20:43:47 ec2: 1024 SHA256:7pyT9wwpl+k7SqfGsE+FtNMXgtYuhXa0qSLQLtED7EE root@ubuntu-xenial (DSA)
<14>Apr  8 20:43:47 ec2: 256 SHA256:D82leNL4Z4xtPxvuQqq53yV2jOTgm3AePiTzu0AVJwg root@ubuntu-xenial (ECDSA)
<14>Apr  8 20:43:47 ec2: 256 SHA256:Yw1QrwUIec7RI3OQ/pw2jBuN/+8rZoOvYPTIDF8a5YE root@ubuntu-xenial (ED25519)
<14>Apr  8 20:43:47 ec2: 2048 SHA256:pw/MEMK9D4JZ5/Vp8qXEZl5WFKjBDgSiY8BsSI4QRqM root@ubuntu-xenial (RSA)
<14>Apr  8 20:43:47 ec2: -----END SSH HOST KEY FINGERPRINTS-----
<14>Apr  8 20:43:47 ec2: #############################################################
-----BEGIN SSH HOST KEY KEYS-----
ecdsa-sha2-nistp256 AAAAE2VjZHNhLXNoYTItbmlzdHAyNTYAAAAIbmlzdHAyNTYAAABBBGDoXCZ4/LP0FaKo+iDGfdDhivkVfV079305WyLEmPBvEwHXWv7JPnM+tyEnY3Xx6MLmbNclaf7RPtIAHy8xkaM= root@ubuntu-xenial
ssh-ed25519 AAAAC3NzaC1lZDI1NTE5AAAAIA/mR/xirOXN7ZEnq/fSmjH4GdbaVYQKhzv8TBrIC1d2 root@ubuntu-xenial
ssh-rsa AAAAB3NzaC1yc2EAAAADAQABAAABAQDF2M9OkQ0LK8rWerLG8vglVRrH5bc8kgRjTS4j8nIkxlUkvhn87pIvwb7RTGO/wbW27UI2ybx00aQgH/VLXSFuF+wmGAp4fbBnTtS0cfdPVqlityCN0iI3FJSpbSMEI9IoY7GFB884xMs6n1qEcl17Wdgp/cUwOsQumY/F6rcluhRaF/Pe6mOFbJoGKVqCUMPX2GqccnZRFZrKrjcFVXgpWurXDvujr9F2WGTOpP5YZ+ybvSWHoE9C5M0VgjH+FxjaaboRtEc3kvjDQMGIeGrGNoBgWr8wXP710Xczzt7bfD8zrZyQJdhWvvURe9nTfSIFsR27596ZRR5V0BcmLVyt root@ubuntu-xenial
-----END SSH HOST KEY KEYS-----
[[0;32m  OK  [0m] Created slice User Slice of ubuntu.
[   35.360094] cloud-init[1264]: Cloud-init v. 0.7.9 running 'modules:final' at Sat, 08 Apr 2017 20:43:47 +0000. Up 34.63 seconds.
[   35.496598] [cloud-init[0;32m  OK  [0m[1264]: ] ci-info: no authorized ssh keys fingerprints found for user ubuntu.Started Execute cloud user/final scripts.

[   35.497084] cloud-init[1264]: Cloud-init v. 0.7.9 finished at Sat, 08 Apr 2017 20:43:48 +0000. Datasource DataSourceNoCloud [seed=/dev/sdb][dsmode=net].  Up 35.35 seconds
[[0;32m  OK  [0m] Started Session 1 of user ubuntu.
         Starting User Manager for UID 1000...
[[0;32m  OK  [0m] Reached target Cloud-init target.
[[0;32m  OK  [0m] Started User Manager for UID 1000.

Ubuntu 16.04.2 LTS ubuntu-xenial ttyS0

ubuntu-xenial login: 